[0m15:02:26.211965 [debug] [MainThread]: Sending event: {'category': 'dbt', 'action': 'invocation', 'label': 'start', 'context': [<snowplow_tracker.self_describing_json.SelfDescribingJson object at 0x0000019B56B2AE40>, <snowplow_tracker.self_describing_json.SelfDescribingJson object at 0x0000019B5A14C140>, <snowplow_tracker.self_describing_json.SelfDescribingJson object at 0x0000019B5A89F680>]}


============================== 15:02:26.319768 | 1a3bc9e0-f501-4ba6-90c8-88cba2856f21 ==============================
[0m15:02:26.319768 [info ] [MainThread]: Running with dbt=1.11.11
[0m15:02:26.320760 [debug] [MainThread]: running dbt with arguments {'version_check': 'True', 'no_print': 'None', 'static_parser': 'True', 'target_path': 'None', 'warn_error_options': 'WarnErrorOptionsV2(error=[], warn=[], silence=[])', 'printer_width': '80', 'write_json': 'True', 'introspect': 'True', 'log_cache_events': 'False', 'empty': 'None', 'cache_selected_only': 'False', 'log_format': 'default', 'debug': 'False', 'fail_fast': 'False', 'profiles_dir': 'C:\\Users\\bansa\\.dbt', 'send_anonymous_usage_stats': 'True', 'quiet': 'False', 'warn_error': 'None', 'partial_parse': 'True', 'invocation_command': 'dbt init', 'use_colors': 'True', 'indirect_selection': 'eager', 'use_experimental_parser': 'False', 'log_path': 'logs'}
[0m15:02:26.587289 [info ] [MainThread]: Creating dbt configuration folder at C:\Users\bansa\.dbt
[0m15:02:52.540600 [debug] [MainThread]: Starter project path: C:\Users\bansa\OneDrive\Desktop\DBT\.venv\Lib\site-packages\dbt\include\starter_project
[0m15:02:52.633312 [info ] [MainThread]: 
Your new dbt project "learning_dbt" was created!

For more information on how to configure the profiles.yml file,
please consult the dbt documentation here:

  https://docs.getdbt.com/docs/configure-your-profile

One more thing:

Need help? Don't hesitate to reach out to us via GitHub issues or on Slack:

  https://community.getdbt.com/

Happy modeling!

[0m15:02:52.634217 [info ] [MainThread]: Setting up your profile.
[0m15:03:08.368081 [debug] [MainThread]: Spark adapter: Setting pyhive.hive logging to ERROR
[0m15:03:08.368081 [debug] [MainThread]: Spark adapter: Setting thrift.transport logging to ERROR
[0m15:03:08.369083 [debug] [MainThread]: Spark adapter: Setting thrift.protocol logging to ERROR
[0m15:08:54.589515 [info ] [MainThread]: Profile learning_dbt written to C:\Users\bansa\.dbt\profiles.yml using target's profile_template.yml and your supplied values. Run 'dbt debug' to validate the connection.
[0m15:08:54.592514 [debug] [MainThread]: Command `dbt init` succeeded at 15:08:54.591525 after 388.50 seconds
[0m15:08:54.592514 [debug] [MainThread]: Sending event: {'category': 'dbt', 'action': 'invocation', 'label': 'end', 'context': [<snowplow_tracker.self_describing_json.SelfDescribingJson object at 0x0000019B5A797B90>, <snowplow_tracker.self_describing_json.SelfDescribingJson object at 0x0000019B00B75E80>, <snowplow_tracker.self_describing_json.SelfDescribingJson object at 0x0000019B006BFC20>]}
[0m15:08:54.593513 [debug] [MainThread]: Flushing usage events
[0m15:08:56.500024 [debug] [MainThread]: An error was encountered while trying to flush usage events
[0m15:09:17.865612 [debug] [MainThread]: Sending event: {'category': 'dbt', 'action': 'invocation', 'label': 'start', 'context': [<snowplow_tracker.self_describing_json.SelfDescribingJson object at 0x0000022776651130>, <snowplow_tracker.self_describing_json.SelfDescribingJson object at 0x00000227797150A0>, <snowplow_tracker.self_describing_json.SelfDescribingJson object at 0x0000022778F99C70>]}


============================== 15:09:17.869633 | c2ad52cd-766a-4fd2-a0f5-a0d21632a91c ==============================
[0m15:09:17.869633 [info ] [MainThread]: Running with dbt=1.11.11
[0m15:09:17.869633 [debug] [MainThread]: running dbt with arguments {'version_check': 'True', 'no_print': 'None', 'static_parser': 'True', 'warn_error_options': 'WarnErrorOptionsV2(error=[], warn=[], silence=[])', 'target_path': 'None', 'printer_width': '80', 'write_json': 'True', 'introspect': 'True', 'log_cache_events': 'False', 'empty': 'None', 'cache_selected_only': 'False', 'fail_fast': 'False', 'debug': 'False', 'log_format': 'default', 'profiles_dir': 'C:\\Users\\bansa\\.dbt', 'send_anonymous_usage_stats': 'True', 'quiet': 'False', 'warn_error': 'None', 'partial_parse': 'True', 'invocation_command': 'dbt debug', 'use_colors': 'True', 'indirect_selection': 'eager', 'use_experimental_parser': 'False', 'log_path': 'logs'}
[0m15:09:17.914649 [info ] [MainThread]: dbt version: 1.11.11
[0m15:09:17.914649 [info ] [MainThread]: python version: 3.12.10
[0m15:09:17.915613 [info ] [MainThread]: python path: C:\Users\bansa\OneDrive\Desktop\DBT\.venv\Scripts\python.exe
[0m15:09:17.915613 [info ] [MainThread]: os info: Windows-11-10.0.26200-SP0
[0m15:09:18.701203 [debug] [MainThread]: Spark adapter: Setting pyhive.hive logging to ERROR
[0m15:09:18.701203 [debug] [MainThread]: Spark adapter: Setting thrift.transport logging to ERROR
[0m15:09:18.702307 [debug] [MainThread]: Spark adapter: Setting thrift.protocol logging to ERROR
[0m15:09:19.345693 [info ] [MainThread]: Using profiles dir at C:\Users\bansa\.dbt
[0m15:09:19.346798 [info ] [MainThread]: Using profiles.yml file at C:\Users\bansa\.dbt\profiles.yml
[0m15:09:19.346798 [info ] [MainThread]: Using dbt_project.yml file at C:\Users\bansa\OneDrive\Desktop\DBT\dbt_project.yml
[0m15:09:19.347698 [info ] [MainThread]: adapter type: databricks
[0m15:09:19.348697 [info ] [MainThread]: adapter version: 1.12.1
[0m15:09:19.348697 [info ] [MainThread]: Configuration:
[0m15:09:19.349708 [info ] [MainThread]:   profiles.yml file [[32mOK found and valid[0m]
[0m15:09:19.349708 [info ] [MainThread]:   dbt_project.yml file [[31mERROR not found[0m]
[0m15:09:19.349708 [info ] [MainThread]: Required dependencies:
[0m15:09:19.350697 [debug] [MainThread]: Executing "git --help"
[0m15:09:19.405916 [debug] [MainThread]: STDOUT: "b"usage: git [-v | --version] [-h | --help] [-C <path>] [-c <name>=<value>]\n           [--exec-path[=<path>]] [--html-path] [--man-path] [--info-path]\n           [-p | --paginate | -P | --no-pager] [--no-replace-objects] [--no-lazy-fetch]\n           [--no-optional-locks] [--no-advice] [--bare] [--git-dir=<path>]\n           [--work-tree=<path>] [--namespace=<name>] [--config-env=<name>=<envvar>]\n           <command> [<args>]\n\nThese are common Git commands used in various situations:\n\nstart a working area (see also: git help tutorial)\n   clone      Clone a repository into a new directory\n   init       Create an empty Git repository or reinitialize an existing one\n\nwork on the current change (see also: git help everyday)\n   add        Add file contents to the index\n   mv         Move or rename a file, a directory, or a symlink\n   restore    Restore working tree files\n   rm         Remove files from the working tree and from the index\n\nexamine the history and state (see also: git help revisions)\n   bisect     Use binary search to find the commit that introduced a bug\n   diff       Show changes between commits, commit and working tree, etc\n   grep       Print lines matching a pattern\n   log        Show commit logs\n   show       Show various types of objects\n   status     Show the working tree status\n\ngrow, mark and tweak your common history\n   backfill   Download missing objects in a partial clone\n   branch     List, create, or delete branches\n   commit     Record changes to the repository\n   history    EXPERIMENTAL: Rewrite history\n   merge      Join two or more development histories together\n   rebase     Reapply commits on top of another base tip\n   reset      Set `HEAD` or the index to a known state\n   switch     Switch branches\n   tag        Create, list, delete or verify tags\n\ncollaborate (see also: git help workflows)\n   fetch      Download objects and refs from another repository\n   pull       Fetch from and integrate with another repository or a local branch\n   push       Update remote refs along with associated objects\n\n'git help -a' and 'git help -g' list available subcommands and some\nconcept guides. See 'git help <command>' or 'git help <concept>'\nto read about a specific subcommand or concept.\nSee 'git help git' for an overview of the system.\n""
[0m15:09:19.405916 [debug] [MainThread]: STDERR: "b''"
[0m15:09:19.405916 [info ] [MainThread]:  - git [[32mOK found[0m]

[0m15:09:19.406933 [info ] [MainThread]: Connection:
[0m15:09:19.406933 [info ] [MainThread]:   host: dbc-91a8b04c-9ad2.cloud.databricks.com
[0m15:09:19.406933 [info ] [MainThread]:   http_path: /sql/1.0/warehouses/10526e0b16bb9544
[0m15:09:19.407916 [info ] [MainThread]:   catalog: learning_dbt
[0m15:09:19.407916 [info ] [MainThread]:   schema: default
[0m15:09:19.407916 [info ] [MainThread]: Registered adapter: databricks=1.12.1
[0m15:09:20.052928 [debug] [MainThread]: Databricks adapter: DatabricksDBTConnection(session-id=None, name=debug) - Creating connection
[0m15:09:20.053934 [debug] [MainThread]: Acquiring new databricks connection 'debug'
[0m15:09:21.829046 [info ] [MainThread]: Databricks adapter:   SPOG host (host_type='workspace'): no
[0m15:09:21.829046 [info ] [MainThread]: Databricks adapter:   workspace_id (from ?o= in http_path): None
[0m15:09:21.830041 [info ] [MainThread]: Databricks adapter:   databricks-sql-connector version: 4.2.6 (supported)
[0m15:09:21.830041 [info ] [MainThread]: Databricks adapter:   databricks-sdk version: 0.104.0 (supported)
[0m15:09:21.830041 [debug] [MainThread]: Using databricks connection "debug"
[0m15:09:21.831083 [debug] [MainThread]: On debug: select 1 as id
[0m15:09:21.831083 [debug] [MainThread]: Opening a new connection, currently in state init
[0m15:09:26.577066 [debug] [MainThread]: Databricks adapter: Connection(session-id=01f16a30-6d57-19a0-870f-4dad60248def) - Created
[0m15:09:38.883060 [debug] [MainThread]: SQL status: OK in 17.050 seconds
[0m15:09:38.885072 [debug] [MainThread]: Databricks adapter: Cursor(session-id=01f16a30-6d57-19a0-870f-4dad60248def, command-id=01f16a30-6e6c-11e0-9105-a98cea58511b) - Closing
[0m15:09:39.335855 [debug] [MainThread]: On debug: Close
[0m15:09:39.336743 [debug] [MainThread]: Databricks adapter: Connection(session-id=01f16a30-6d57-19a0-870f-4dad60248def) - Closing
[0m15:09:39.701584 [info ] [MainThread]:   Connection test: [[32mOK connection ok[0m]

[0m15:09:39.703585 [info ] [MainThread]: [31m1 check failed:[0m
[0m15:09:39.704586 [info ] [MainThread]: Project loading failed for the following reason:
 project path <C:\Users\bansa\OneDrive\Desktop\DBT\dbt_project.yml> not found

[0m15:09:39.706584 [debug] [MainThread]: Command `dbt debug` failed at 15:09:39.705586 after 21.97 seconds
[0m15:09:39.706584 [debug] [MainThread]: Sending event: {'category': 'dbt', 'action': 'invocation', 'label': 'end', 'context': [<snowplow_tracker.self_describing_json.SelfDescribingJson object at 0x00000227785AD4F0>, <snowplow_tracker.self_describing_json.SelfDescribingJson object at 0x00000227785AD520>, <snowplow_tracker.self_describing_json.SelfDescribingJson object at 0x00000227792BFFB0>]}
[0m15:09:39.707583 [debug] [MainThread]: Flushing usage events
[0m15:09:41.591181 [debug] [MainThread]: An error was encountered while trying to flush usage events
